####### 2017-06-24 05:45:07 #######
$ echo $PWD
/var/www/html
$ whoami
www-data
$ git pull
Already up-to-date.
$ git status
On branch master
Your branch is up-to-date with 'origin/master'.

nothing to commit, working directory clean
$ git submodule sync

$ git submodule update

$ git submodule status

$ test -e /usr/share/update-notifier/notify-reboot-required && echo "system restart required"
system restart required

####### 2017-06-24 05:47:45 #######
$ echo $PWD
/var/www/html
$ whoami
www-data
$ git pull
error: Unable to append to .git/logs/refs/remotes/origin/testvalibranch: Permission denied
From https://github.com/amanmishraopenxcell/testaman
 ! 99c2551..34f013c  testvalibranch -> origin/testvalibranch  (unable to update local ref)
$ git status
On branch master
Your branch is up-to-date with 'origin/master'.

Untracked files:
  (use "git add <file>..." to include in what will be committed)

	deploy-log.txt

nothing added to commit but untracked files present (use "git add" to track)
$ git submodule sync

$ git submodule update

$ git submodule status

$ test -e /usr/share/update-notifier/notify-reboot-required && echo "system restart required"
system restart required

