####### 2017-06-24 05:41:13 #######
$ echo $PWD
/var/www/html
$ whoami
www-data
$ git pull
error: cannot open .git/FETCH_HEAD: Permission denied
$ git status
On branch master
Your branch is up-to-date with 'origin/master'.

nothing to commit, working directory clean
$ git submodule sync

$ git submodule update

$ git submodule status

$ test -e /usr/share/update-notifier/notify-reboot-required && echo "system restart required"
system restart required

####### 2017-06-24 05:41:28 #######
$ echo $PWD
/var/www/html
$ whoami
www-data
$ git pull
error: cannot open .git/FETCH_HEAD: Permission denied
$ git status
On branch master
Your branch is up-to-date with 'origin/master'.

Untracked files:
  (use "git add <file>..." to include in what will be committed)

	deploy-log.txt

nothing added to commit but untracked files present (use "git add" to track)
$ git submodule sync

$ git submodule update

$ git submodule status

$ test -e /usr/share/update-notifier/notify-reboot-required && echo "system restart required"
system restart required

