####### 2017-06-24 05:52:14 #######
$ echo $PWD
/var/www/html
$ whoami
www-data
$ git pull
error: Unable to append to .git/logs/refs/remotes/origin/testvalibranch: Permission denied
From https://github.com/amanmishraopenxcell/testaman
 ! 99c2551..1fd56c7  testvalibranch -> origin/testvalibranch  (unable to update local ref)
$ git status
On branch master
Your branch is up-to-date with 'origin/master'.

Untracked files:
  (use "git add <file>..." to include in what will be committed)

	2debugfile.txt

nothing added to commit but untracked files present (use "git add" to track)
$ git submodule sync

$ git submodule update

$ git submodule status

$ test -e /usr/share/update-notifier/notify-reboot-required && echo "system restart required"
system restart required

####### 2017-06-24 05:53:17 #######
$ echo $PWD
/var/www/html
$ whoami
www-data
$ git pull
From https://github.com/amanmishraopenxcell/testaman
   ea01b75..a4647a4  master     -> origin/master
error: Unable to append to .git/logs/refs/remotes/origin/testvalibranch: Permission denied
 ! 99c2551..1fd56c7  testvalibranch -> origin/testvalibranch  (unable to update local ref)
$ git status
On branch master
Your branch is behind 'origin/master' by 3 commits, and can be fast-forwarded.
  (use "git pull" to update your local branch)

Untracked files:
  (use "git add <file>..." to include in what will be committed)

	2debugfile.txt
	deploy-log.txt

nothing added to commit but untracked files present (use "git add" to track)
$ git submodule sync

$ git submodule update

$ git submodule status

$ test -e /usr/share/update-notifier/notify-reboot-required && echo "system restart required"
system restart required

